// Jest Snapshot v1, https://goo.gl/fbAQLP

exports[`App renders snapshot 1`] = `
<div
  class="App"
>
  <header
    class="Navigation"
  >
    <div
      class="Navigation-link"
    >
      <a
        href="/profile"
      >
        Profile
      </a>
    </div>
    <div
      class="Navigation-link"
    >
      <a
        href="/"
      >
        Organization
      </a>
    </div>
  </header>
  <div
    class="App-main"
  >
    <div
      class="App-content_large-header"
    >
      <div>
        Organization
      </div>
    </div>
  </div>
</div>
`;
